============================= test session starts =============================
platform win32 -- Python 3.14.3, pytest-9.0.3, pluggy-1.6.0 -- C:\Users\Meet Singh\AppData\Local\Programs\Python\Python314\python.exe
cachedir: .pytest_cache
rootdir: C:\Users\Meet Singh\quant-terminal
collecting ... collected 8 items

tests/test_code33_regression.py::test_code33_regression[JAKK] FAILED     [ 12%]
tests/test_code33_regression.py::test_code33_regression[ASYS] FAILED     [ 25%]
tests/test_code33_regression.py::test_code33_regression[QUIK] FAILED     [ 37%]
tests/test_code33_regression.py::test_code33_regression[INTT] FAILED     [ 50%]
tests/test_code33_regression.py::test_code33_regression[ESOA] FAILED     [ 62%]
tests/test_code33_regression.py::test_code33_regression[UTGN] FAILED     [ 75%]
tests/test_code33_regression.py::test_code33_regression[WSR] FAILED      [ 87%]
tests/test_code33_regression.py::test_code33_regression[SODI] FAILED     [100%]

================================== FAILURES ===================================
________________________ test_code33_regression[JAKK] _________________________

ticker = 'JAKK'

    @pytest.mark.parametrize("ticker", TICKERS)
    def test_code33_regression(ticker):
        expected = GROUND_TRUTH[ticker]
    
        try:
            data = get_code33_data(ticker)
        except Exception as e:
            pytest.fail(f"Engine threw exception for {ticker}: {e}")
    
        rev_yoy = data.get('rev_yoy', [])
        npm_vals = data.get('npm', [])
        eps_yoy = data.get('eps_yoy', [])
    
        is_us = data.get('is_us', True)
        sector_excluded = data.get('sector_excluded', False)
    
        # Check if not applicable
        if not is_us or sector_excluded:
            status_str = "NOT_APPLICABLE"
        elif len(rev_yoy) < 3 or len(eps_yoy) < 3:
            status_str = "INSUFFICIENT"
        else:
            eps_status, _, _ = _c33_status(eps_yoy[-3:])
            rev_status, _, _ = _c33_status(rev_yoy[-3:])
    
            if eps_status == "INSUFFICIENT" or rev_status == "INSUFFICIENT":
                status_str = "INSUFFICIENT"
            elif eps_status == "FAILED" or rev_status == "FAILED":
                status_str = "BROKEN"
            else:
                status_str = "ACTIVE"
    
        if status_str == "INSUFFICIENT" and expected.get('signal') != "INSUFFICIENT":
            # Skip gracefully per prompt: "Skips tickers that return INSUFFICIENT data rather than failing"
            pytest.skip(f"{ticker} returned INSUFFICIENT data but expected {expected.get('signal')}.")
    
        if status_str != expected.get('signal'):
>           pytest.fail(f"Signal mismatch! Actual: {status_str}, Expected: {expected.get('signal')}")
E           Failed: Signal mismatch! Actual: ACTIVE, Expected: BROKEN

tests\test_code33_regression.py:69: Failed
________________________ test_code33_regression[ASYS] _________________________

ticker = 'ASYS'

    @pytest.mark.parametrize("ticker", TICKERS)
    def test_code33_regression(ticker):
        expected = GROUND_TRUTH[ticker]
    
        try:
            data = get_code33_data(ticker)
        except Exception as e:
            pytest.fail(f"Engine threw exception for {ticker}: {e}")
    
        rev_yoy = data.get('rev_yoy', [])
        npm_vals = data.get('npm', [])
        eps_yoy = data.get('eps_yoy', [])
    
        is_us = data.get('is_us', True)
        sector_excluded = data.get('sector_excluded', False)
    
        # Check if not applicable
        if not is_us or sector_excluded:
            status_str = "NOT_APPLICABLE"
        elif len(rev_yoy) < 3 or len(eps_yoy) < 3:
            status_str = "INSUFFICIENT"
        else:
            eps_status, _, _ = _c33_status(eps_yoy[-3:])
            rev_status, _, _ = _c33_status(rev_yoy[-3:])
    
            if eps_status == "INSUFFICIENT" or rev_status == "INSUFFICIENT":
                status_str = "INSUFFICIENT"
            elif eps_status == "FAILED" or rev_status == "FAILED":
                status_str = "BROKEN"
            else:
                status_str = "ACTIVE"
    
        if status_str == "INSUFFICIENT" and expected.get('signal') != "INSUFFICIENT":
            # Skip gracefully per prompt: "Skips tickers that return INSUFFICIENT data rather than failing"
            pytest.skip(f"{ticker} returned INSUFFICIENT data but expected {expected.get('signal')}.")
    
        if status_str != expected.get('signal'):
>           pytest.fail(f"Signal mismatch! Actual: {status_str}, Expected: {expected.get('signal')}")
E           Failed: Signal mismatch! Actual: ACTIVE, Expected: BROKEN

tests\test_code33_regression.py:69: Failed
________________________ test_code33_regression[QUIK] _________________________

ticker = 'QUIK'

    @pytest.mark.parametrize("ticker", TICKERS)
    def test_code33_regression(ticker):
        expected = GROUND_TRUTH[ticker]
    
        try:
            data = get_code33_data(ticker)
        except Exception as e:
            pytest.fail(f"Engine threw exception for {ticker}: {e}")
    
        rev_yoy = data.get('rev_yoy', [])
        npm_vals = data.get('npm', [])
        eps_yoy = data.get('eps_yoy', [])
    
        is_us = data.get('is_us', True)
        sector_excluded = data.get('sector_excluded', False)
    
        # Check if not applicable
        if not is_us or sector_excluded:
            status_str = "NOT_APPLICABLE"
        elif len(rev_yoy) < 3 or len(eps_yoy) < 3:
            status_str = "INSUFFICIENT"
        else:
            eps_status, _, _ = _c33_status(eps_yoy[-3:])
            rev_status, _, _ = _c33_status(rev_yoy[-3:])
    
            if eps_status == "INSUFFICIENT" or rev_status == "INSUFFICIENT":
                status_str = "INSUFFICIENT"
            elif eps_status == "FAILED" or rev_status == "FAILED":
                status_str = "BROKEN"
            else:
                status_str = "ACTIVE"
    
        if status_str == "INSUFFICIENT" and expected.get('signal') != "INSUFFICIENT":
            # Skip gracefully per prompt: "Skips tickers that return INSUFFICIENT data rather than failing"
            pytest.skip(f"{ticker} returned INSUFFICIENT data but expected {expected.get('signal')}.")
    
        if status_str != expected.get('signal'):
>           pytest.fail(f"Signal mismatch! Actual: {status_str}, Expected: {expected.get('signal')}")
E           Failed: Signal mismatch! Actual: ACTIVE, Expected: NOT_APPLICABLE

tests\test_code33_regression.py:69: Failed
________________________ test_code33_regression[INTT] _________________________

ticker = 'INTT'

    @pytest.mark.parametrize("ticker", TICKERS)
    def test_code33_regression(ticker):
        expected = GROUND_TRUTH[ticker]
    
        try:
            data = get_code33_data(ticker)
        except Exception as e:
            pytest.fail(f"Engine threw exception for {ticker}: {e}")
    
        rev_yoy = data.get('rev_yoy', [])
        npm_vals = data.get('npm', [])
        eps_yoy = data.get('eps_yoy', [])
    
        is_us = data.get('is_us', True)
        sector_excluded = data.get('sector_excluded', False)
    
        # Check if not applicable
        if not is_us or sector_excluded:
            status_str = "NOT_APPLICABLE"
        elif len(rev_yoy) < 3 or len(eps_yoy) < 3:
            status_str = "INSUFFICIENT"
        else:
            eps_status, _, _ = _c33_status(eps_yoy[-3:])
            rev_status, _, _ = _c33_status(rev_yoy[-3:])
    
            if eps_status == "INSUFFICIENT" or rev_status == "INSUFFICIENT":
                status_str = "INSUFFICIENT"
            elif eps_status == "FAILED" or rev_status == "FAILED":
                status_str = "BROKEN"
            else:
                status_str = "ACTIVE"
    
        if status_str == "INSUFFICIENT" and expected.get('signal') != "INSUFFICIENT":
            # Skip gracefully per prompt: "Skips tickers that return INSUFFICIENT data rather than failing"
            pytest.skip(f"{ticker} returned INSUFFICIENT data but expected {expected.get('signal')}.")
    
        if status_str != expected.get('signal'):
>           pytest.fail(f"Signal mismatch! Actual: {status_str}, Expected: {expected.get('signal')}")
E           Failed: Signal mismatch! Actual: ACTIVE, Expected: BROKEN

tests\test_code33_regression.py:69: Failed
________________________ test_code33_regression[ESOA] _________________________

ticker = 'ESOA'

    @pytest.mark.parametrize("ticker", TICKERS)
    def test_code33_regression(ticker):
        expected = GROUND_TRUTH[ticker]
    
        try:
            data = get_code33_data(ticker)
        except Exception as e:
            pytest.fail(f"Engine threw exception for {ticker}: {e}")
    
        rev_yoy = data.get('rev_yoy', [])
        npm_vals = data.get('npm', [])
        eps_yoy = data.get('eps_yoy', [])
    
        is_us = data.get('is_us', True)
        sector_excluded = data.get('sector_excluded', False)
    
        # Check if not applicable
        if not is_us or sector_excluded:
            status_str = "NOT_APPLICABLE"
        elif len(rev_yoy) < 3 or len(eps_yoy) < 3:
            status_str = "INSUFFICIENT"
        else:
            eps_status, _, _ = _c33_status(eps_yoy[-3:])
            rev_status, _, _ = _c33_status(rev_yoy[-3:])
    
            if eps_status == "INSUFFICIENT" or rev_status == "INSUFFICIENT":
                status_str = "INSUFFICIENT"
            elif eps_status == "FAILED" or rev_status == "FAILED":
                status_str = "BROKEN"
            else:
                status_str = "ACTIVE"
    
        if status_str == "INSUFFICIENT" and expected.get('signal') != "INSUFFICIENT":
            # Skip gracefully per prompt: "Skips tickers that return INSUFFICIENT data rather than failing"
            pytest.skip(f"{ticker} returned INSUFFICIENT data but expected {expected.get('signal')}.")
    
        if status_str != expected.get('signal'):
>           pytest.fail(f"Signal mismatch! Actual: {status_str}, Expected: {expected.get('signal')}")
E           Failed: Signal mismatch! Actual: ACTIVE, Expected: BROKEN

tests\test_code33_regression.py:69: Failed
________________________ test_code33_regression[UTGN] _________________________

ticker = 'UTGN'

    @pytest.mark.parametrize("ticker", TICKERS)
    def test_code33_regression(ticker):
        expected = GROUND_TRUTH[ticker]
    
        try:
            data = get_code33_data(ticker)
        except Exception as e:
            pytest.fail(f"Engine threw exception for {ticker}: {e}")
    
        rev_yoy = data.get('rev_yoy', [])
        npm_vals = data.get('npm', [])
        eps_yoy = data.get('eps_yoy', [])
    
        is_us = data.get('is_us', True)
        sector_excluded = data.get('sector_excluded', False)
    
        # Check if not applicable
        if not is_us or sector_excluded:
            status_str = "NOT_APPLICABLE"
        elif len(rev_yoy) < 3 or len(eps_yoy) < 3:
            status_str = "INSUFFICIENT"
        else:
            eps_status, _, _ = _c33_status(eps_yoy[-3:])
            rev_status, _, _ = _c33_status(rev_yoy[-3:])
    
            if eps_status == "INSUFFICIENT" or rev_status == "INSUFFICIENT":
                status_str = "INSUFFICIENT"
            elif eps_status == "FAILED" or rev_status == "FAILED":
                status_str = "BROKEN"
            else:
                status_str = "ACTIVE"
    
        if status_str == "INSUFFICIENT" and expected.get('signal') != "INSUFFICIENT":
            # Skip gracefully per prompt: "Skips tickers that return INSUFFICIENT data rather than failing"
            pytest.skip(f"{ticker} returned INSUFFICIENT data but expected {expected.get('signal')}.")
    
        if status_str != expected.get('signal'):
>           pytest.fail(f"Signal mismatch! Actual: {status_str}, Expected: {expected.get('signal')}")
E           Failed: Signal mismatch! Actual: ACTIVE, Expected: BROKEN

tests\test_code33_regression.py:69: Failed
_________________________ test_code33_regression[WSR] _________________________

ticker = 'WSR'

    @pytest.mark.parametrize("ticker", TICKERS)
    def test_code33_regression(ticker):
        expected = GROUND_TRUTH[ticker]
    
        try:
            data = get_code33_data(ticker)
        except Exception as e:
            pytest.fail(f"Engine threw exception for {ticker}: {e}")
    
        rev_yoy = data.get('rev_yoy', [])
        npm_vals = data.get('npm', [])
        eps_yoy = data.get('eps_yoy', [])
    
        is_us = data.get('is_us', True)
        sector_excluded = data.get('sector_excluded', False)
    
        # Check if not applicable
        if not is_us or sector_excluded:
            status_str = "NOT_APPLICABLE"
        elif len(rev_yoy) < 3 or len(eps_yoy) < 3:
            status_str = "INSUFFICIENT"
        else:
            eps_status, _, _ = _c33_status(eps_yoy[-3:])
            rev_status, _, _ = _c33_status(rev_yoy[-3:])
    
            if eps_status == "INSUFFICIENT" or rev_status == "INSUFFICIENT":
                status_str = "INSUFFICIENT"
            elif eps_status == "FAILED" or rev_status == "FAILED":
                status_str = "BROKEN"
            else:
                status_str = "ACTIVE"
    
        if status_str == "INSUFFICIENT" and expected.get('signal') != "INSUFFICIENT":
            # Skip gracefully per prompt: "Skips tickers that return INSUFFICIENT data rather than failing"
            pytest.skip(f"{ticker} returned INSUFFICIENT data but expected {expected.get('signal')}.")
    
        if status_str != expected.get('signal'):
>           pytest.fail(f"Signal mismatch! Actual: {status_str}, Expected: {expected.get('signal')}")
E           Failed: Signal mismatch! Actual: ACTIVE, Expected: BROKEN

tests\test_code33_regression.py:69: Failed
________________________ test_code33_regression[SODI] _________________________

ticker = 'SODI'

    @pytest.mark.parametrize("ticker", TICKERS)
    def test_code33_regression(ticker):
        expected = GROUND_TRUTH[ticker]
    
        try:
            data = get_code33_data(ticker)
        except Exception as e:
            pytest.fail(f"Engine threw exception for {ticker}: {e}")
    
        rev_yoy = data.get('rev_yoy', [])
        npm_vals = data.get('npm', [])
        eps_yoy = data.get('eps_yoy', [])
    
        is_us = data.get('is_us', True)
        sector_excluded = data.get('sector_excluded', False)
    
        # Check if not applicable
        if not is_us or sector_excluded:
            status_str = "NOT_APPLICABLE"
        elif len(rev_yoy) < 3 or len(eps_yoy) < 3:
            status_str = "INSUFFICIENT"
        else:
            eps_status, _, _ = _c33_status(eps_yoy[-3:])
            rev_status, _, _ = _c33_status(rev_yoy[-3:])
    
            if eps_status == "INSUFFICIENT" or rev_status == "INSUFFICIENT":
                status_str = "INSUFFICIENT"
            elif eps_status == "FAILED" or rev_status == "FAILED":
                status_str = "BROKEN"
            else:
                status_str = "ACTIVE"
    
        if status_str == "INSUFFICIENT" and expected.get('signal') != "INSUFFICIENT":
            # Skip gracefully per prompt: "Skips tickers that return INSUFFICIENT data rather than failing"
            pytest.skip(f"{ticker} returned INSUFFICIENT data but expected {expected.get('signal')}.")
    
        if status_str != expected.get('signal'):
>           pytest.fail(f"Signal mismatch! Actual: {status_str}, Expected: {expected.get('signal')}")
E           Failed: Signal mismatch! Actual: ACTIVE, Expected: BROKEN

tests\test_code33_regression.py:69: Failed
============================== warnings summary ===============================
..\AppData\Local\Programs\Python\Python314\Lib\site-packages\websockets\legacy\__init__.py:6
  C:\Users\Meet Singh\AppData\Local\Programs\Python\Python314\Lib\site-packages\websockets\legacy\__init__.py:6: DeprecationWarning: websockets.legacy is deprecated; see https://websockets.readthedocs.io/en/stable/howto/upgrade.html for upgrade instructions
    warnings.warn(  # deprecated in 14.0 - 2024-11-09

pages\15_stock_detail.py:1178: 3 warnings
tests/test_code33_regression.py: 24 warnings
  C:\Users\Meet Singh\quant-terminal\pages\15_stock_detail.py:1178: DeprecationWarning: datetime.datetime.utcnow() is deprecated and scheduled for removal in a future version. Use timezone-aware objects to represent datetimes in UTC: datetime.datetime.now(datetime.UTC).
    cutoff_date = (datetime.utcnow() - timedelta(days=365 * 5)).date()

pages\15_stock_detail.py:1180: 3 warnings
tests/test_code33_regression.py: 24 warnings
  C:\Users\Meet Singh\quant-terminal\pages\15_stock_detail.py:1180: DeprecationWarning: datetime.datetime.utcnow() is deprecated and scheduled for removal in a future version. Use timezone-aware objects to represent datetimes in UTC: datetime.datetime.now(datetime.UTC).
    recency_cutoff = (datetime.utcnow() - timedelta(days=548)).date()  # ~18 months

pages\15_stock_detail.py:1062
tests/test_code33_regression.py::test_code33_regression[JAKK]
tests/test_code33_regression.py::test_code33_regression[ASYS]
tests/test_code33_regression.py::test_code33_regression[QUIK]
tests/test_code33_regression.py::test_code33_regression[INTT]
tests/test_code33_regression.py::test_code33_regression[ESOA]
tests/test_code33_regression.py::test_code33_regression[UTGN]
tests/test_code33_regression.py::test_code33_regression[WSR]
tests/test_code33_regression.py::test_code33_regression[SODI]
  C:\Users\Meet Singh\quant-terminal\pages\15_stock_detail.py:1062: DeprecationWarning: datetime.datetime.utcnow() is deprecated and scheduled for removal in a future version. Use timezone-aware objects to represent datetimes in UTC: datetime.datetime.now(datetime.UTC).
    return (datetime.utcnow().date() - most_recent).days <= max_days

pages\15_stock_detail.py:151: 245 warnings
  C:\Users\Meet Singh\quant-terminal\pages\15_stock_detail.py:151: DeprecationWarning: datetime.datetime.utcfromtimestamp() is deprecated and scheduled for removal in a future version. Use timezone-aware objects to represent datetimes in UTC: datetime.datetime.fromtimestamp(timestamp, datetime.UTC).
    dt = datetime.utcfromtimestamp(ts)

pages\15_stock_detail.py:161: 254 warnings
  C:\Users\Meet Singh\quant-terminal\pages\15_stock_detail.py:161: DeprecationWarning: datetime.datetime.utcnow() is deprecated and scheduled for removal in a future version. Use timezone-aware objects to represent datetimes in UTC: datetime.datetime.now(datetime.UTC).
    diff = datetime.utcnow() - dt

-- Docs: https://docs.pytest.org/en/stable/how-to/capture-warnings.html
=========================== short test summary info ===========================
FAILED tests/test_code33_regression.py::test_code33_regression[JAKK] - Failed...
FAILED tests/test_code33_regression.py::test_code33_regression[ASYS] - Failed...
FAILED tests/test_code33_regression.py::test_code33_regression[QUIK] - Failed...
FAILED tests/test_code33_regression.py::test_code33_regression[INTT] - Failed...
FAILED tests/test_code33_regression.py::test_code33_regression[ESOA] - Failed...
FAILED tests/test_code33_regression.py::test_code33_regression[UTGN] - Failed...
FAILED tests/test_code33_regression.py::test_code33_regression[WSR] - Failed:...
FAILED tests/test_code33_regression.py::test_code33_regression[SODI] - Failed...
====================== 8 failed, 563 warnings in 54.89s =======================
