INFO:     Will watch for changes in these directories: ['C:\\Users\\Meet Singh\\quant-terminal']
2026-05-26 03:18:10.214 WARNING streamlit.runtime.caching.cache_data_api: No runtime found, using MemoryCacheStorageManager
2026-05-26 03:18:10.215 WARNING streamlit.runtime.caching.cache_data_api: No runtime found, using MemoryCacheStorageManager
2026-05-26 03:18:10.215 WARNING streamlit.runtime.caching.cache_data_api: No runtime found, using MemoryCacheStorageManager
2026-05-26 03:18:10.215 WARNING streamlit.runtime.caching.cache_data_api: No runtime found, using MemoryCacheStorageManager
2026-05-26 03:18:10.229 WARNING streamlit.runtime.caching.cache_data_api: No runtime found, using MemoryCacheStorageManager
2026-05-26 03:18:10.230 WARNING streamlit.runtime.caching.cache_data_api: No runtime found, using MemoryCacheStorageManager
2026-05-26 03:18:10.230 WARNING streamlit.runtime.caching.cache_data_api: No runtime found, using MemoryCacheStorageManager
2026-05-26 03:18:10.230 WARNING streamlit.runtime.caching.cache_data_api: No runtime found, using MemoryCacheStorageManager
2026-05-26 03:18:10.231 WARNING streamlit.runtime.caching.cache_data_api: No runtime found, using MemoryCacheStorageManager
2026-05-26 03:18:10.231 WARNING streamlit.runtime.caching.cache_data_api: No runtime found, using MemoryCacheStorageManager
2026-05-26 03:18:10.231 WARNING streamlit.runtime.caching.cache_data_api: No runtime found, using MemoryCacheStorageManager
2026-05-26 03:18:10.231 WARNING streamlit.runtime.caching.cache_data_api: No runtime found, using MemoryCacheStorageManager
2026-05-26 03:18:10.232 WARNING streamlit.runtime.caching.cache_data_api: No runtime found, using MemoryCacheStorageManager
INFO:     Uvicorn running on http://0.0.0.0:8000 (Press CTRL+C to quit)
INFO:     Started reloader process [21196] using StatReload
2026-05-26 03:18:12.571 WARNING streamlit.runtime.caching.cache_data_api: No runtime found, using MemoryCacheStorageManager
2026-05-26 03:18:12.571 WARNING streamlit.runtime.caching.cache_data_api: No runtime found, using MemoryCacheStorageManager
2026-05-26 03:18:12.572 WARNING streamlit.runtime.caching.cache_data_api: No runtime found, using MemoryCacheStorageManager
2026-05-26 03:18:12.572 WARNING streamlit.runtime.caching.cache_data_api: No runtime found, using MemoryCacheStorageManager
2026-05-26 03:18:12.573 WARNING streamlit.runtime.caching.cache_data_api: No runtime found, using MemoryCacheStorageManager
2026-05-26 03:18:12.574 WARNING streamlit.runtime.caching.cache_data_api: No runtime found, using MemoryCacheStorageManager
2026-05-26 03:18:12.574 WARNING streamlit.runtime.caching.cache_data_api: No runtime found, using MemoryCacheStorageManager
2026-05-26 03:18:12.574 WARNING streamlit.runtime.caching.cache_data_api: No runtime found, using MemoryCacheStorageManager
2026-05-26 03:18:12.574 WARNING streamlit.runtime.caching.cache_data_api: No runtime found, using MemoryCacheStorageManager
2026-05-26 03:18:12.574 WARNING streamlit.runtime.caching.cache_data_api: No runtime found, using MemoryCacheStorageManager
2026-05-26 03:18:12.575 WARNING streamlit.runtime.caching.cache_data_api: No runtime found, using MemoryCacheStorageManager
2026-05-26 03:18:12.575 WARNING streamlit.runtime.caching.cache_data_api: No runtime found, using MemoryCacheStorageManager
2026-05-26 03:18:12.576 WARNING streamlit.runtime.caching.cache_data_api: No runtime found, using MemoryCacheStorageManager
INFO:     Started server process [20516]
INFO:     Waiting for application startup.
INFO:     Application startup complete.
2026-05-26 03:18:16.006 WARNING streamlit.runtime.caching.cache_data_api: No runtime found, using MemoryCacheStorageManager
2026-05-26 03:18:18.392 WARNING streamlit.runtime.caching.cache_data_api: No runtime found, using MemoryCacheStorageManager
2026-05-26 03:18:18.394 WARNING streamlit.runtime.caching.cache_data_api: No runtime found, using MemoryCacheStorageManager
[SCAN] received file: test_mini.csv
[SCAN] tickers parsed: 6
[SCAN] first 5 tickers: ['SATS', 'LLY', 'AXON', 'AMD', 'META']
[SCAN] winners found: 1
INFO:     127.0.0.1:59901 - "POST /api/scan HTTP/1.1" 200 OK
