INFO:     Will watch for changes in these directories: ['C:\\Users\\Meet Singh\\quant-terminal']
2026-05-26 03:21:30.897 WARNING streamlit.runtime.caching.cache_data_api: No runtime found, using MemoryCacheStorageManager
2026-05-26 03:21:30.898 WARNING streamlit.runtime.caching.cache_data_api: No runtime found, using MemoryCacheStorageManager
2026-05-26 03:21:30.899 WARNING streamlit.runtime.caching.cache_data_api: No runtime found, using MemoryCacheStorageManager
2026-05-26 03:21:30.900 WARNING streamlit.runtime.caching.cache_data_api: No runtime found, using MemoryCacheStorageManager
2026-05-26 03:21:30.917 WARNING streamlit.runtime.caching.cache_data_api: No runtime found, using MemoryCacheStorageManager
2026-05-26 03:21:30.918 WARNING streamlit.runtime.caching.cache_data_api: No runtime found, using MemoryCacheStorageManager
2026-05-26 03:21:30.919 WARNING streamlit.runtime.caching.cache_data_api: No runtime found, using MemoryCacheStorageManager
2026-05-26 03:21:30.919 WARNING streamlit.runtime.caching.cache_data_api: No runtime found, using MemoryCacheStorageManager
2026-05-26 03:21:30.919 WARNING streamlit.runtime.caching.cache_data_api: No runtime found, using MemoryCacheStorageManager
2026-05-26 03:21:30.919 WARNING streamlit.runtime.caching.cache_data_api: No runtime found, using MemoryCacheStorageManager
2026-05-26 03:21:30.920 WARNING streamlit.runtime.caching.cache_data_api: No runtime found, using MemoryCacheStorageManager
2026-05-26 03:21:30.920 WARNING streamlit.runtime.caching.cache_data_api: No runtime found, using MemoryCacheStorageManager
2026-05-26 03:21:30.921 WARNING streamlit.runtime.caching.cache_data_api: No runtime found, using MemoryCacheStorageManager
INFO:     Uvicorn running on http://0.0.0.0:8000 (Press CTRL+C to quit)
INFO:     Started reloader process [20716] using StatReload
2026-05-26 03:21:34.395 WARNING streamlit.runtime.caching.cache_data_api: No runtime found, using MemoryCacheStorageManager
2026-05-26 03:21:34.397 WARNING streamlit.runtime.caching.cache_data_api: No runtime found, using MemoryCacheStorageManager
2026-05-26 03:21:34.397 WARNING streamlit.runtime.caching.cache_data_api: No runtime found, using MemoryCacheStorageManager
2026-05-26 03:21:34.398 WARNING streamlit.runtime.caching.cache_data_api: No runtime found, using MemoryCacheStorageManager
2026-05-26 03:21:34.401 WARNING streamlit.runtime.caching.cache_data_api: No runtime found, using MemoryCacheStorageManager
2026-05-26 03:21:34.402 WARNING streamlit.runtime.caching.cache_data_api: No runtime found, using MemoryCacheStorageManager
2026-05-26 03:21:34.403 WARNING streamlit.runtime.caching.cache_data_api: No runtime found, using MemoryCacheStorageManager
2026-05-26 03:21:34.403 WARNING streamlit.runtime.caching.cache_data_api: No runtime found, using MemoryCacheStorageManager
2026-05-26 03:21:34.403 WARNING streamlit.runtime.caching.cache_data_api: No runtime found, using MemoryCacheStorageManager
2026-05-26 03:21:34.403 WARNING streamlit.runtime.caching.cache_data_api: No runtime found, using MemoryCacheStorageManager
2026-05-26 03:21:34.404 WARNING streamlit.runtime.caching.cache_data_api: No runtime found, using MemoryCacheStorageManager
2026-05-26 03:21:34.404 WARNING streamlit.runtime.caching.cache_data_api: No runtime found, using MemoryCacheStorageManager
2026-05-26 03:21:34.405 WARNING streamlit.runtime.caching.cache_data_api: No runtime found, using MemoryCacheStorageManager
INFO:     Started server process [13472]
INFO:     Waiting for application startup.
INFO:     Application startup complete.
2026-05-26 03:21:35.287 WARNING streamlit.runtime.caching.cache_data_api: No runtime found, using MemoryCacheStorageManager
2026-05-26 03:21:38.175 WARNING streamlit.runtime.caching.cache_data_api: No runtime found, using MemoryCacheStorageManager
2026-05-26 03:21:38.181 WARNING streamlit.runtime.caching.cache_data_api: No runtime found, using MemoryCacheStorageManager
WARNING:root:DATA KEYS: ['eps', 'rev', 'ni', 'eps_end_dates', 'rev_end_dates', 'ni_end_dates', 'eps_yoy', 'rev_yoy', 'eps_labels', 'rev_labels', 'npm', 'npm_labels', 'npm_ends', 'sources', 'is_us', 'sector_excluded', 'excluded_sector_name', 'is_reit', 'status', 'eps_prior_vals', 'eps_sources', 'price', 'company_name', 'change', 'change_pct', 'market_cap_fmt', 'pe_ratio', 'week52_high', 'week52_low', 'avg_volume']
INFO:     127.0.0.1:56795 - "GET /api/ticker/META HTTP/1.1" 200 OK
WARNING:root:DATA KEYS: ['eps', 'rev', 'ni', 'eps_end_dates', 'rev_end_dates', 'ni_end_dates', 'eps_yoy', 'rev_yoy', 'eps_labels', 'rev_labels', 'npm', 'npm_labels', 'npm_ends', 'sources', 'is_us', 'sector_excluded', 'excluded_sector_name', 'is_reit', 'status', 'eps_prior_vals', 'eps_sources', 'price', 'company_name', 'change', 'change_pct', 'market_cap_fmt', 'pe_ratio', 'week52_high', 'week52_low', 'avg_volume']
INFO:     127.0.0.1:56807 - "GET /api/ticker/NVDA HTTP/1.1" 200 OK
